Managed-node inventory hostname: linux-node-02
Current UTC timestamp: 2026-07-31T08:37:54Z

Latest 10 lab-config-backup journal entries:
2026-07-31T07:05:24+00:00 linux-node-02 lab-config-backup[14055]: BACKUP_UPDATED
2026-07-31T07:07:26+00:00 linux-node-02 lab-config-backup[14312]: BACKUP_UNCHANGED
2026-07-31T07:21:39+00:00 linux-node-02 lab-config-backup[14938]: BACKUP_UNCHANGED
2026-07-31T07:23:09+00:00 linux-node-02 lab-config-backup[15264]: BACKUP_UNCHANGED
2026-07-31T07:23:09+00:00 linux-node-02 lab-config-backup[15257]: BACKUP_UNCHANGED
2026-07-31T07:23:40+00:00 linux-node-02 lab-config-backup[15470]: BACKUP_UNCHANGED

Latest 10 lab-maintenance journal entries:
2026-07-31T07:10:28+00:00 linux-node-02 lab-maintenance[14621]: Maintenance automation completed successfully
2026-07-31T07:41:50+00:00 linux-node-02 lab-maintenance[16495]: Maintenance automation completed successfully

Nginx active status:
active

lab-config-backup.timer active status:
active

lab-config-backup.timer enabled status:
enabled

logrotate.timer active status:
active

Root filesystem disk usage:
Filesystem                         Size  Used Avail Use% Mounted on
/dev/mapper/ubuntu--vg-ubuntu--lv   11G  4.8G  5.4G  48% /
